// Jest Snapshot v1, https://jestjs.io/docs/snapshot-testing

exports[`NewsContents スナップショットと一致すること 1`] = `
<div>
  <div
    class="text-card-foreground flex flex-col gap-6 rounded-xl py-6 group hover:shadow-lg transition-all duration-200 hover:-translate-y-1 cursor-pointer border-0 shadow-md bg-gradient-to-br from-white to-gray-50/50 dark:from-gray-900 dark:to-gray-800/50"
    data-slot="card"
  >
    <div
      class="@container/card-header grid auto-rows-min grid-rows-[auto_auto] items-start gap-1.5 px-6 has-data-[slot=card-action]:grid-cols-[1fr_auto] [.border-b]:pb-6"
      data-slot="card-header"
    >
      <h3
        class="font-semibold text-sm leading-tight line-clamp-3 group-hover:text-primary transition-colors"
      >
        テストニュース1
      </h3>
    </div>
    <div
      class="px-6 pt-0 pb-4"
      data-slot="card-content"
    >
      <p
        class="text-sm text-muted-foreground line-clamp-10"
      >
        これはテストニュースです
      </p>
    </div>
    <div
      class="px-6 [.border-t]:pt-6 pt-0 flex items-center justify-between"
      data-slot="card-footer"
    >
      <div
        class="flex items-center gap-1 text-xs text-muted-foreground"
      >
        <svg
          aria-hidden="true"
          class="lucide lucide-clock h-3 w-3"
          fill="none"
          height="24"
          stroke="currentColor"
          stroke-linecap="round"
          stroke-linejoin="round"
          stroke-width="2"
          viewBox="0 0 24 24"
          width="24"
          xmlns="http://www.w3.org/2000/svg"
        >
          <path
            d="M12 6v6l4 2"
          />
          <circle
            cx="12"
            cy="12"
            r="10"
          />
        </svg>
        <time
          datetime="2025-09-10T10:00:00Z"
        >
          2025-09-10
        </time>
      </div>
      <svg
        aria-hidden="true"
        class="lucide lucide-external-link h-3 w-3 text-muted-foreground group-hover:text-primary transition-colors"
        fill="none"
        height="24"
        stroke="currentColor"
        stroke-linecap="round"
        stroke-linejoin="round"
        stroke-width="2"
        viewBox="0 0 24 24"
        width="24"
        xmlns="http://www.w3.org/2000/svg"
      >
        <path
          d="M15 3h6v6"
        />
        <path
          d="M10 14 21 3"
        />
        <path
          d="M18 13v6a2 2 0 0 1-2 2H5a2 2 0 0 1-2-2V8a2 2 0 0 1 2-2h6"
        />
      </svg>
    </div>
  </div>
  <div
    class="text-card-foreground flex flex-col gap-6 rounded-xl py-6 group hover:shadow-lg transition-all duration-200 hover:-translate-y-1 cursor-pointer border-0 shadow-md bg-gradient-to-br from-white to-gray-50/50 dark:from-gray-900 dark:to-gray-800/50"
    data-slot="card"
  >
    <div
      class="@container/card-header grid auto-rows-min grid-rows-[auto_auto] items-start gap-1.5 px-6 has-data-[slot=card-action]:grid-cols-[1fr_auto] [.border-b]:pb-6"
      data-slot="card-header"
    >
      <h3
        class="font-semibold text-sm leading-tight line-clamp-3 group-hover:text-primary transition-colors"
      >
        テストニュース2
      </h3>
    </div>
    <div
      class="px-6 pt-0 pb-4"
      data-slot="card-content"
    >
      <p
        class="text-sm text-muted-foreground line-clamp-10"
      >
        これは2つ目のテストニュースです
      </p>
    </div>
    <div
      class="px-6 [.border-t]:pt-6 pt-0 flex items-center justify-between"
      data-slot="card-footer"
    >
      <div
        class="flex items-center gap-1 text-xs text-muted-foreground"
      >
        <svg
          aria-hidden="true"
          class="lucide lucide-clock h-3 w-3"
          fill="none"
          height="24"
          stroke="currentColor"
          stroke-linecap="round"
          stroke-linejoin="round"
          stroke-width="2"
          viewBox="0 0 24 24"
          width="24"
          xmlns="http://www.w3.org/2000/svg"
        >
          <path
            d="M12 6v6l4 2"
          />
          <circle
            cx="12"
            cy="12"
            r="10"
          />
        </svg>
        <time
          datetime="2025-09-11T15:30:00Z"
        >
          2025-09-11
        </time>
      </div>
      <svg
        aria-hidden="true"
        class="lucide lucide-external-link h-3 w-3 text-muted-foreground group-hover:text-primary transition-colors"
        fill="none"
        height="24"
        stroke="currentColor"
        stroke-linecap="round"
        stroke-linejoin="round"
        stroke-width="2"
        viewBox="0 0 24 24"
        width="24"
        xmlns="http://www.w3.org/2000/svg"
      >
        <path
          d="M15 3h6v6"
        />
        <path
          d="M10 14 21 3"
        />
        <path
          d="M18 13v6a2 2 0 0 1-2 2H5a2 2 0 0 1-2-2V8a2 2 0 0 1 2-2h6"
        />
      </svg>
    </div>
  </div>
</div>
`;
